Archive member included to satisfy reference by file (symbol)

c:/program files (x86)/atmel/studio/7.0/toolchain/avr8/avr8-gnu-toolchain/bin/../lib/gcc/avr/5.4.0/avr5\libgcc.a(_mulsi3.o)
                              APP/Calculator_Prg.o (__mulsi3)
c:/program files (x86)/atmel/studio/7.0/toolchain/avr8/avr8-gnu-toolchain/bin/../lib/gcc/avr/5.4.0/avr5\libgcc.a(_udivmodqi4.o)
                              APP/STOP_WATCH_Prg.o (__udivmodqi4)
c:/program files (x86)/atmel/studio/7.0/toolchain/avr8/avr8-gnu-toolchain/bin/../lib/gcc/avr/5.4.0/avr5\libgcc.a(_udivmodhi4.o)
                              APP/Fire_System_Prg.o (__udivmodhi4)
c:/program files (x86)/atmel/studio/7.0/toolchain/avr8/avr8-gnu-toolchain/bin/../lib/gcc/avr/5.4.0/avr5\libgcc.a(_udivmodsi4.o)
                              APP/Fire_System_Prg.o (__udivmodsi4)
c:/program files (x86)/atmel/studio/7.0/toolchain/avr8/avr8-gnu-toolchain/bin/../lib/gcc/avr/5.4.0/avr5\libgcc.a(_divmodsi4.o)
                              APP/Calculator_Prg.o (__divmodsi4)
c:/program files (x86)/atmel/studio/7.0/toolchain/avr8/avr8-gnu-toolchain/bin/../lib/gcc/avr/5.4.0/avr5\libgcc.a(_negsi2.o)
                              c:/program files (x86)/atmel/studio/7.0/toolchain/avr8/avr8-gnu-toolchain/bin/../lib/gcc/avr/5.4.0/avr5\libgcc.a(_divmodsi4.o) (__negsi2)
c:/program files (x86)/atmel/studio/7.0/toolchain/avr8/avr8-gnu-toolchain/bin/../lib/gcc/avr/5.4.0/avr5\libgcc.a(_exit.o)
                              C:/Program Files (x86)/Atmel/Studio/7.0/Packs/atmel/ATmega_DFP/1.7.374/gcc/dev/atmega32/avr5/crtatmega32.o (exit)
c:/program files (x86)/atmel/studio/7.0/toolchain/avr8/avr8-gnu-toolchain/bin/../lib/gcc/avr/5.4.0/avr5\libgcc.a(_copy_data.o)
                              APP/Calculator_Prg.o (__do_copy_data)
c:/program files (x86)/atmel/studio/7.0/toolchain/avr8/avr8-gnu-toolchain/bin/../lib/gcc/avr/5.4.0/avr5\libgcc.a(_clear_bss.o)
                              APP/Calculator_Prg.o (__do_clear_bss)
c:/program files (x86)/atmel/studio/7.0/toolchain/avr8/avr8-gnu-toolchain/bin/../lib/gcc/avr/5.4.0/avr5\libgcc.a(_umulhisi3.o)
                              APP/Fire_System_Prg.o (__umulhisi3)
c:/program files (x86)/atmel/studio/7.0/toolchain/avr8/avr8-gnu-toolchain/bin/../lib/gcc/avr/5.4.0/avr5\libgcc.a(_muluhisi3.o)
                              HAL/LCD_Prg.o (__muluhisi3)

Discarded input sections

 .data          0x00000000        0x0 C:/Program Files (x86)/Atmel/Studio/7.0/Packs/atmel/ATmega_DFP/1.7.374/gcc/dev/atmega32/avr5/crtatmega32.o
 .bss           0x00000000        0x0 C:/Program Files (x86)/Atmel/Studio/7.0/Packs/atmel/ATmega_DFP/1.7.374/gcc/dev/atmega32/avr5/crtatmega32.o
 .text          0x00000000        0x0 APP/Calculator_Prg.o
 .data          0x00000000        0x0 APP/Calculator_Prg.o
 .bss           0x00000000        0x0 APP/Calculator_Prg.o
 .rodata.str1.1
                0x00000000       0x2c APP/Calculator_Prg.o
 .text.Calculator_Init
                0x00000000       0x2e APP/Calculator_Prg.o
 .text.Calculator_Runnable
                0x00000000      0x49c APP/Calculator_Prg.o
 .data.key.1881
                0x00000000        0x1 APP/Calculator_Prg.o
 .bss.check_flag
                0x00000000        0x1 APP/Calculator_Prg.o
 .bss.cmp_flag  0x00000000        0x1 APP/Calculator_Prg.o
 .bss.printed_flag
                0x00000000        0x1 APP/Calculator_Prg.o
 .bss.indic_flag
                0x00000000        0x1 APP/Calculator_Prg.o
 .bss.equal_flag
                0x00000000        0x1 APP/Calculator_Prg.o
 .bss.oper_flag
                0x00000000        0x1 APP/Calculator_Prg.o
 .bss.one_elem_flag
                0x00000000        0x1 APP/Calculator_Prg.o
 .bss.negative_flag
                0x00000000        0x1 APP/Calculator_Prg.o
 .bss.Init_flag
                0x00000000        0x1 APP/Calculator_Prg.o
 .bss.incremntal_flag
                0x00000000        0x1 APP/Calculator_Prg.o
 .bss.clr_flag  0x00000000        0x1 APP/Calculator_Prg.o
 .bss.i         0x00000000        0x1 APP/Calculator_Prg.o
 .bss.Oper      0x00000000        0x1 APP/Calculator_Prg.o
 .bss.Str_Buffer
                0x00000000        0xf APP/Calculator_Prg.o
 .bss.Result    0x00000000        0x4 APP/Calculator_Prg.o
 .bss.num2      0x00000000        0x4 APP/Calculator_Prg.o
 .bss.num1      0x00000000        0x4 APP/Calculator_Prg.o
 .comment       0x00000000       0x31 APP/Calculator_Prg.o
 .text          0x00000000        0x0 APP/CAR_MOVE_Prg.o
 .data          0x00000000        0x0 APP/CAR_MOVE_Prg.o
 .bss           0x00000000        0x0 APP/CAR_MOVE_Prg.o
 .text.CAR_MOVE_Init
                0x00000000        0x2 APP/CAR_MOVE_Prg.o
 .text.CAR_MOVE_RUNNABLE
                0x00000000      0x116 APP/CAR_MOVE_Prg.o
 .comment       0x00000000       0x31 APP/CAR_MOVE_Prg.o
 .text          0x00000000        0x0 APP/Fire_System_Prg.o
 .data          0x00000000        0x0 APP/Fire_System_Prg.o
 .bss           0x00000000        0x0 APP/Fire_System_Prg.o
 .text          0x00000000        0x0 APP/LCD_Game_Prg.o
 .data          0x00000000        0x0 APP/LCD_Game_Prg.o
 .bss           0x00000000        0x0 APP/LCD_Game_Prg.o
 .text.ADC_func
                0x00000000       0x12 APP/LCD_Game_Prg.o
 .rodata.str1.1
                0x00000000       0x3b APP/LCD_Game_Prg.o
 .text.LCD_Game_Init
                0x00000000       0x4c APP/LCD_Game_Prg.o
 .text.LCD_Game_Runnable
                0x00000000      0x104 APP/LCD_Game_Prg.o
 .text.LDR_Init
                0x00000000       0x1c APP/LCD_Game_Prg.o
 .text.LDR_Runnable
                0x00000000       0x5c APP/LCD_Game_Prg.o
 .rodata        0x00000000        0x8 APP/LCD_Game_Prg.o
 .text.Radio_Signal_Init
                0x00000000       0x44 APP/LCD_Game_Prg.o
 .text.Radio_Signal_Runnable
                0x00000000       0x70 APP/LCD_Game_Prg.o
 .bss.x.2013    0x00000000        0x1 APP/LCD_Game_Prg.o
 .bss.flag.2012
                0x00000000        0x1 APP/LCD_Game_Prg.o
 .data.arr_pos  0x00000000        0x1 APP/LCD_Game_Prg.o
 .bss.init_flag
                0x00000000        0x1 APP/LCD_Game_Prg.o
 .data.dead_man
                0x00000000        0x8 APP/LCD_Game_Prg.o
 .data.arrow    0x00000000        0x8 APP/LCD_Game_Prg.o
 .data.man_custom
                0x00000000        0x8 APP/LCD_Game_Prg.o
 .bss.ldr_volt  0x00000000        0x2 APP/LCD_Game_Prg.o
 .comment       0x00000000       0x31 APP/LCD_Game_Prg.o
 .text          0x00000000        0x0 APP/Number_Converter_Prg.o
 .data          0x00000000        0x0 APP/Number_Converter_Prg.o
 .bss           0x00000000        0x0 APP/Number_Converter_Prg.o
 .rodata.str1.1
                0x00000000       0x86 APP/Number_Converter_Prg.o
 .text.Number_Converter_Init
                0x00000000       0x2e APP/Number_Converter_Prg.o
 .text.Number_Converter_Runnable
                0x00000000      0x82e APP/Number_Converter_Prg.o
 .text.Converter_Reset
                0x00000000       0x28 APP/Number_Converter_Prg.o
 .bss.counter   0x00000000        0x1 APP/Number_Converter_Prg.o
 .bss.i         0x00000000        0x1 APP/Number_Converter_Prg.o
 .bss.str_buffer
                0x00000000        0xa APP/Number_Converter_Prg.o
 .bss.num       0x00000000        0x4 APP/Number_Converter_Prg.o
 .bss.output_sys
                0x00000000        0x1 APP/Number_Converter_Prg.o
 .bss.input_sys
                0x00000000        0x1 APP/Number_Converter_Prg.o
 .data.pos_hex  0x00000000        0x1 APP/Number_Converter_Prg.o
 .data.hex_char
                0x00000000        0x1 APP/Number_Converter_Prg.o
 .bss.key       0x00000000        0x1 APP/Number_Converter_Prg.o
 .bss.hex_set_flag
                0x00000000        0x1 APP/Number_Converter_Prg.o
 .bss.hex_num_flag
                0x00000000        0x1 APP/Number_Converter_Prg.o
 .bss.result_flag
                0x00000000        0x1 APP/Number_Converter_Prg.o
 .bss.buffer_flag
                0x00000000        0x1 APP/Number_Converter_Prg.o
 .bss.init_flag
                0x00000000        0x1 APP/Number_Converter_Prg.o
 .comment       0x00000000       0x31 APP/Number_Converter_Prg.o
 .text          0x00000000        0x0 APP/StepperAPP_Prg.o
 .data          0x00000000        0x0 APP/StepperAPP_Prg.o
 .bss           0x00000000        0x0 APP/StepperAPP_Prg.o
 .text.reset_system
                0x00000000       0x12 APP/StepperAPP_Prg.o
 .rodata.str1.1
                0x00000000       0x61 APP/StepperAPP_Prg.o
 .text.Stepper_APP_Init
                0x00000000       0x2e APP/StepperAPP_Prg.o
 .text.Stepper_APP_Runnable
                0x00000000      0x2ba APP/StepperAPP_Prg.o
 .bss.operate_flag
                0x00000000        0x1 APP/StepperAPP_Prg.o
 .bss.i         0x00000000        0x1 APP/StepperAPP_Prg.o
 .bss.str_buffer
                0x00000000        0xa APP/StepperAPP_Prg.o
 .bss.data      0x00000000        0x4 APP/StepperAPP_Prg.o
 .bss.key       0x00000000        0x1 APP/StepperAPP_Prg.o
 .bss.init_flag
                0x00000000        0x1 APP/StepperAPP_Prg.o
 .bss.motor_state
                0x00000000        0x1 APP/StepperAPP_Prg.o
 .comment       0x00000000       0x31 APP/StepperAPP_Prg.o
 .text          0x00000000        0x0 APP/STOP_WATCH_Prg.o
 .data          0x00000000        0x0 APP/STOP_WATCH_Prg.o
 .bss           0x00000000        0x0 APP/STOP_WATCH_Prg.o
 .text.Stop_Watch_Runnable
                0x00000000      0x408 APP/STOP_WATCH_Prg.o
 .bss.j.1898    0x00000000        0x2 APP/STOP_WATCH_Prg.o
 .data.reset_state.1901
                0x00000000        0x1 APP/STOP_WATCH_Prg.o
 .bss.flag1.1899
                0x00000000        0x1 APP/STOP_WATCH_Prg.o
 .bss.adj_flag2.1896
                0x00000000        0x1 APP/STOP_WATCH_Prg.o
 .bss.adj_flag1.1895
                0x00000000        0x1 APP/STOP_WATCH_Prg.o
 .data.but_state.1900
                0x00000000        0x1 APP/STOP_WATCH_Prg.o
 .bss.temp.1893
                0x00000000        0x1 APP/STOP_WATCH_Prg.o
 .bss.first_digit.1894
                0x00000000        0x1 APP/STOP_WATCH_Prg.o
 .data.y.1892   0x00000000        0x1 APP/STOP_WATCH_Prg.o
 .data.mode_state.1902
                0x00000000        0x1 APP/STOP_WATCH_Prg.o
 .bss.flag2.1891
                0x00000000        0x1 APP/STOP_WATCH_Prg.o
 .data.x.1890   0x00000000        0x1 APP/STOP_WATCH_Prg.o
 .bss.i.1897    0x00000000        0x2 APP/STOP_WATCH_Prg.o
 .comment       0x00000000       0x31 APP/STOP_WATCH_Prg.o
 .text          0x00000000        0x0 APP/TEMP_Filter_Prg.o
 .data          0x00000000        0x0 APP/TEMP_Filter_Prg.o
 .bss           0x00000000        0x0 APP/TEMP_Filter_Prg.o
 .text.TEMP_Filter_Init
                0x00000000        0xe APP/TEMP_Filter_Prg.o
 .text.TEMP_Filter_Runnable
                0x00000000       0x7e APP/TEMP_Filter_Prg.o
 .text.TEMP_GET_Filterd
                0x00000000        0xa APP/TEMP_Filter_Prg.o
 .text.TEMP_GET_Unfiltered
                0x00000000        0xa APP/TEMP_Filter_Prg.o
 .bss.i.1645    0x00000000        0x1 APP/TEMP_Filter_Prg.o
 .bss.temp_unfilter
                0x00000000        0x2 APP/TEMP_Filter_Prg.o
 .bss.temp_filter
                0x00000000        0x2 APP/TEMP_Filter_Prg.o
 .bss.temp_arr  0x00000000       0x14 APP/TEMP_Filter_Prg.o
 .comment       0x00000000       0x31 APP/TEMP_Filter_Prg.o
 .text          0x00000000        0x0 CONFIG/DIO_Cfg.o
 .data          0x00000000        0x0 CONFIG/DIO_Cfg.o
 .bss           0x00000000        0x0 CONFIG/DIO_Cfg.o
 .text          0x00000000        0x0 HAL/BUTTON_Prg.o
 .data          0x00000000        0x0 HAL/BUTTON_Prg.o
 .bss           0x00000000        0x0 HAL/BUTTON_Prg.o
 .text.BUTTON_Init
                0x00000000       0x30 HAL/BUTTON_Prg.o
 .text.BUTTON_Get_status
                0x00000000       0x2e HAL/BUTTON_Prg.o
 .rodata.button_arr
                0x00000000        0x3 HAL/BUTTON_Prg.o
 .comment       0x00000000       0x31 HAL/BUTTON_Prg.o
 .text          0x00000000        0x0 HAL/KeyPad_Prg.o
 .data          0x00000000        0x0 HAL/KeyPad_Prg.o
 .bss           0x00000000        0x0 HAL/KeyPad_Prg.o
 .text          0x00000000        0x0 HAL/LCD_Prg.o
 .data          0x00000000        0x0 HAL/LCD_Prg.o
 .bss           0x00000000        0x0 HAL/LCD_Prg.o
 .text.LCD_Custom_Char
                0x00000000       0x36 HAL/LCD_Prg.o
 .rodata.str1.1
                0x00000000        0x6 HAL/LCD_Prg.o
 .text.LCD_Print_Binary
                0x00000000       0x6a HAL/LCD_Prg.o
 .text.LCD_Print_Hexa
                0x00000000       0x50 HAL/LCD_Prg.o
 .text.LCD_Snake_Word
                0x00000000      0x11a HAL/LCD_Prg.o
 .text.LCD_Write_Number_Cursor
                0x00000000       0x20 HAL/LCD_Prg.o
 .text.LCD_Write_Number_4_Digits
                0x00000000       0xac HAL/LCD_Prg.o
 .text.String_To_Int
                0x00000000       0x80 HAL/LCD_Prg.o
 .text          0x00000000        0x0 HAL/LED_Prg.o
 .data          0x00000000        0x0 HAL/LED_Prg.o
 .bss           0x00000000        0x0 HAL/LED_Prg.o
 .text.LED_Init
                0x00000000       0x30 HAL/LED_Prg.o
 .text.LED_Turn_On
                0x00000000       0x1c HAL/LED_Prg.o
 .text.LED_Turn_Off
                0x00000000       0x1c HAL/LED_Prg.o
 .text.LED_Toggle_state
                0x00000000       0x10 HAL/LED_Prg.o
 .text.LED_Count_turn_on
                0x00000000       0x3e HAL/LED_Prg.o
 .rodata.led_arr
                0x00000000        0x8 HAL/LED_Prg.o
 .comment       0x00000000       0x31 HAL/LED_Prg.o
 .text          0x00000000        0x0 HAL/MOTOR_Prg.o
 .data          0x00000000        0x0 HAL/MOTOR_Prg.o
 .bss           0x00000000        0x0 HAL/MOTOR_Prg.o
 .text.MOTOR_Init
                0x00000000        0x2 HAL/MOTOR_Prg.o
 .text.MOTOR_Rotate_CW
                0x00000000       0x24 HAL/MOTOR_Prg.o
 .text.MOTOR_Rotate_Counter_CW
                0x00000000       0x24 HAL/MOTOR_Prg.o
 .text.MOTOR_Stop
                0x00000000       0x24 HAL/MOTOR_Prg.o
 .text.MOTOR_Set_Speed
                0x00000000        0x2 HAL/MOTOR_Prg.o
 .rodata.motor_arr
                0x00000000        0x8 HAL/MOTOR_Prg.o
 .comment       0x00000000       0x31 HAL/MOTOR_Prg.o
 .text          0x00000000        0x0 HAL/SENSORS_Prg.o
 .data          0x00000000        0x0 HAL/SENSORS_Prg.o
 .bss           0x00000000        0x0 HAL/SENSORS_Prg.o
 .text.LM35_Read_Temp
                0x00000000        0x6 HAL/SENSORS_Prg.o
 .text.MPX_Read_Pressure
                0x00000000       0x28 HAL/SENSORS_Prg.o
 .text          0x00000000        0x0 HAL/SEVEN_SEG_Prg.o
 .data          0x00000000        0x0 HAL/SEVEN_SEG_Prg.o
 .bss           0x00000000        0x0 HAL/SEVEN_SEG_Prg.o
 .text.SEVEN_SEG_Init
                0x00000000        0x2 HAL/SEVEN_SEG_Prg.o
 .text.SEVEN_SEG_base_Write
                0x00000000       0x96 HAL/SEVEN_SEG_Prg.o
 .text.SEVEN_SEG_MUX2D_Write
                0x00000000      0x1e0 HAL/SEVEN_SEG_Prg.o
 .text.SEVEN_SEG_MUX2D_Write_HEX
                0x00000000      0x1cc HAL/SEVEN_SEG_Prg.o
 .text.SEVEN_SEG_BCD_Write
                0x00000000       0x9a HAL/SEVEN_SEG_Prg.o
 .rodata.segment_base_elem_CC
                0x00000000       0x10 HAL/SEVEN_SEG_Prg.o
 .rodata.seg_bcd_arr
                0x00000000        0x5 HAL/SEVEN_SEG_Prg.o
 .rodata.seg_mux2d_arr
                0x00000000        0xa HAL/SEVEN_SEG_Prg.o
 .rodata.seg_base_arr
                0x00000000        0x8 HAL/SEVEN_SEG_Prg.o
 .comment       0x00000000       0x31 HAL/SEVEN_SEG_Prg.o
 .text          0x00000000        0x0 HAL/Stepper_Prg.o
 .data          0x00000000        0x0 HAL/Stepper_Prg.o
 .bss           0x00000000        0x0 HAL/Stepper_Prg.o
 .text.Stepper_Motor_Init
                0x00000000        0x2 HAL/Stepper_Prg.o
 .text.Stepper_Motor_Bipolar_CW
                0x00000000       0xb2 HAL/Stepper_Prg.o
 .text.Stepper_Motor_Bipolar_Counter_CW
                0x00000000       0xb2 HAL/Stepper_Prg.o
 .text.Stepper_Motor_Unipolar_CW
                0x00000000       0xb2 HAL/Stepper_Prg.o
 .text.Stepper_Motor_Unipolar_Counter_CW
                0x00000000       0xb2 HAL/Stepper_Prg.o
 .text.Stepper_Motor_Unipolar_HS_CW
                0x00000000      0x162 HAL/Stepper_Prg.o
 .text.Stepper_Motor_Unipolar_HS_Counter_CW
                0x00000000      0x162 HAL/Stepper_Prg.o
 .text.Stepper_Rotate_CW_By_Angle
                0x00000000       0x4a HAL/Stepper_Prg.o
 .text.Stepper_Rotate_CW_By_nof_Rotations
                0x00000000       0x58 HAL/Stepper_Prg.o
 .text.Stepper_Rotate_Counter_CW_By_Angle
                0x00000000       0x4a HAL/Stepper_Prg.o
 .text.Stepper_Rotate_Counter_CW_By_nof_Rotations
                0x00000000       0x58 HAL/Stepper_Prg.o
 .comment       0x00000000       0x31 HAL/Stepper_Prg.o
 .text          0x00000000        0x0 main.o
 .data          0x00000000        0x0 main.o
 .bss           0x00000000        0x0 main.o
 .text          0x00000000        0x0 MCAL/ADC_Prg.o
 .data          0x00000000        0x0 MCAL/ADC_Prg.o
 .bss           0x00000000        0x0 MCAL/ADC_Prg.o
 .text.ADC_Read
                0x00000000       0x1a MCAL/ADC_Prg.o
 .text.ADC_Get_Read
                0x00000000        0xa MCAL/ADC_Prg.o
 .text.ADC_Get_Read_Periodic
                0x00000000       0x16 MCAL/ADC_Prg.o
 .text.ADC_Read_Volt
                0x00000000       0x22 MCAL/ADC_Prg.o
 .text          0x00000000        0x0 MCAL/DIO_Prg.o
 .data          0x00000000        0x0 MCAL/DIO_Prg.o
 .bss           0x00000000        0x0 MCAL/DIO_Prg.o
 .text.DIO_Toggle_Pin
                0x00000000       0x6a MCAL/DIO_Prg.o
 .text.DIO_Write_Port
                0x00000000       0x20 MCAL/DIO_Prg.o
 .text.DIO_Read_Port
                0x00000000       0x22 MCAL/DIO_Prg.o
 .text          0x00000000        0x0 MCAL/EEPROM_Prg.o
 .data          0x00000000        0x0 MCAL/EEPROM_Prg.o
 .bss           0x00000000        0x0 MCAL/EEPROM_Prg.o
 .text.EEPROM_Init
                0x00000000        0x2 MCAL/EEPROM_Prg.o
 .text.EEPROM_Set_Call_Back
                0x00000000        0xa MCAL/EEPROM_Prg.o
 .text          0x00000000        0x0 c:/program files (x86)/atmel/studio/7.0/toolchain/avr8/avr8-gnu-toolchain/bin/../lib/gcc/avr/5.4.0/avr5\libgcc.a(_mulsi3.o)
 .data          0x00000000        0x0 c:/program files (x86)/atmel/studio/7.0/toolchain/avr8/avr8-gnu-toolchain/bin/../lib/gcc/avr/5.4.0/avr5\libgcc.a(_mulsi3.o)
 .bss           0x00000000        0x0 c:/program files (x86)/atmel/studio/7.0/toolchain/avr8/avr8-gnu-toolchain/bin/../lib/gcc/avr/5.4.0/avr5\libgcc.a(_mulsi3.o)
 .text.libgcc.mul
                0x00000000       0x20 c:/program files (x86)/atmel/studio/7.0/toolchain/avr8/avr8-gnu-toolchain/bin/../lib/gcc/avr/5.4.0/avr5\libgcc.a(_mulsi3.o)
 .text.libgcc.div
                0x00000000        0x0 c:/program files (x86)/atmel/studio/7.0/toolchain/avr8/avr8-gnu-toolchain/bin/../lib/gcc/avr/5.4.0/avr5\libgcc.a(_mulsi3.o)
 .text.libgcc   0x00000000        0x0 c:/program files (x86)/atmel/studio/7.0/toolchain/avr8/avr8-gnu-toolchain/bin/../lib/gcc/avr/5.4.0/avr5\libgcc.a(_mulsi3.o)
 .text.libgcc.prologue
                0x00000000        0x0 c:/program files (x86)/atmel/studio/7.0/toolchain/avr8/avr8-gnu-toolchain/bin/../lib/gcc/avr/5.4.0/avr5\libgcc.a(_mulsi3.o)
 .text.libgcc.builtins
                0x00000000        0x0 c:/program files (x86)/atmel/studio/7.0/toolchain/avr8/avr8-gnu-toolchain/bin/../lib/gcc/avr/5.4.0/avr5\libgcc.a(_mulsi3.o)
 .text.libgcc.fmul
                0x00000000        0x0 c:/program files (x86)/atmel/studio/7.0/toolchain/avr8/avr8-gnu-toolchain/bin/../lib/gcc/avr/5.4.0/avr5\libgcc.a(_mulsi3.o)
 .text.libgcc.fixed
                0x00000000        0x0 c:/program files (x86)/atmel/studio/7.0/toolchain/avr8/avr8-gnu-toolchain/bin/../lib/gcc/avr/5.4.0/avr5\libgcc.a(_mulsi3.o)
 .text          0x00000000        0x0 c:/program files (x86)/atmel/studio/7.0/toolchain/avr8/avr8-gnu-toolchain/bin/../lib/gcc/avr/5.4.0/avr5\libgcc.a(_udivmodqi4.o)
 .data          0x00000000        0x0 c:/program files (x86)/atmel/studio/7.0/toolchain/avr8/avr8-gnu-toolchain/bin/../lib/gcc/avr/5.4.0/avr5\libgcc.a(_udivmodqi4.o)
 .bss           0x00000000        0x0 c:/program files (x86)/atmel/studio/7.0/toolchain/avr8/avr8-gnu-toolchain/bin/../lib/gcc/avr/5.4.0/avr5\libgcc.a(_udivmodqi4.o)
 .text.libgcc.mul
                0x00000000        0x0 c:/program files (x86)/atmel/studio/7.0/toolchain/avr8/avr8-gnu-toolchain/bin/../lib/gcc/avr/5.4.0/avr5\libgcc.a(_udivmodqi4.o)
 .text.libgcc.div
                0x00000000       0x18 c:/program files (x86)/atmel/studio/7.0/toolchain/avr8/avr8-gnu-toolchain/bin/../lib/gcc/avr/5.4.0/avr5\libgcc.a(_udivmodqi4.o)
 .text.libgcc   0x00000000        0x0 c:/program files (x86)/atmel/studio/7.0/toolchain/avr8/avr8-gnu-toolchain/bin/../lib/gcc/avr/5.4.0/avr5\libgcc.a(_udivmodqi4.o)
 .text.libgcc.prologue
                0x00000000        0x0 c:/program files (x86)/atmel/studio/7.0/toolchain/avr8/avr8-gnu-toolchain/bin/../lib/gcc/avr/5.4.0/avr5\libgcc.a(_udivmodqi4.o)
 .text.libgcc.builtins
                0x00000000        0x0 c:/program files (x86)/atmel/studio/7.0/toolchain/avr8/avr8-gnu-toolchain/bin/../lib/gcc/avr/5.4.0/avr5\libgcc.a(_udivmodqi4.o)
 .text.libgcc.fmul
                0x00000000        0x0 c:/program files (x86)/atmel/studio/7.0/toolchain/avr8/avr8-gnu-toolchain/bin/../lib/gcc/avr/5.4.0/avr5\libgcc.a(_udivmodqi4.o)
 .text.libgcc.fixed
                0x00000000        0x0 c:/program files (x86)/atmel/studio/7.0/toolchain/avr8/avr8-gnu-toolchain/bin/../lib/gcc/avr/5.4.0/avr5\libgcc.a(_udivmodqi4.o)
 .text          0x00000000        0x0 c:/program files (x86)/atmel/studio/7.0/toolchain/avr8/avr8-gnu-toolchain/bin/../lib/gcc/avr/5.4.0/avr5\libgcc.a(_udivmodhi4.o)
 .data          0x00000000        0x0 c:/program files (x86)/atmel/studio/7.0/toolchain/avr8/avr8-gnu-toolchain/bin/../lib/gcc/avr/5.4.0/avr5\libgcc.a(_udivmodhi4.o)
 .bss           0x00000000        0x0 c:/program files (x86)/atmel/studio/7.0/toolchain/avr8/avr8-gnu-toolchain/bin/../lib/gcc/avr/5.4.0/avr5\libgcc.a(_udivmodhi4.o)
 .text.libgcc.mul
                0x00000000        0x0 c:/program files (x86)/atmel/studio/7.0/toolchain/avr8/avr8-gnu-toolchain/bin/../lib/gcc/avr/5.4.0/avr5\libgcc.a(_udivmodhi4.o)
 .text.libgcc   0x00000000        0x0 c:/program files (x86)/atmel/studio/7.0/toolchain/avr8/avr8-gnu-toolchain/bin/../lib/gcc/avr/5.4.0/avr5\libgcc.a(_udivmodhi4.o)
 .text.libgcc.prologue
                0x00000000        0x0 c:/program files (x86)/atmel/studio/7.0/toolchain/avr8/avr8-gnu-toolchain/bin/../lib/gcc/avr/5.4.0/avr5\libgcc.a(_udivmodhi4.o)
 .text.libgcc.builtins
                0x00000000        0x0 c:/program files (x86)/atmel/studio/7.0/toolchain/avr8/avr8-gnu-toolchain/bin/../lib/gcc/avr/5.4.0/avr5\libgcc.a(_udivmodhi4.o)
 .text.libgcc.fmul
                0x00000000        0x0 c:/program files (x86)/atmel/studio/7.0/toolchain/avr8/avr8-gnu-toolchain/bin/../lib/gcc/avr/5.4.0/avr5\libgcc.a(_udivmodhi4.o)
 .text.libgcc.fixed
                0x00000000        0x0 c:/program files (x86)/atmel/studio/7.0/toolchain/avr8/avr8-gnu-toolchain/bin/../lib/gcc/avr/5.4.0/avr5\libgcc.a(_udivmodhi4.o)
 .text          0x00000000        0x0 c:/program files (x86)/atmel/studio/7.0/toolchain/avr8/avr8-gnu-toolchain/bin/../lib/gcc/avr/5.4.0/avr5\libgcc.a(_udivmodsi4.o)
 .data          0x00000000        0x0 c:/program files (x86)/atmel/studio/7.0/toolchain/avr8/avr8-gnu-toolchain/bin/../lib/gcc/avr/5.4.0/avr5\libgcc.a(_udivmodsi4.o)
 .bss           0x00000000        0x0 c:/program files (x86)/atmel/studio/7.0/toolchain/avr8/avr8-gnu-toolchain/bin/../lib/gcc/avr/5.4.0/avr5\libgcc.a(_udivmodsi4.o)
 .text.libgcc.mul
                0x00000000        0x0 c:/program files (x86)/atmel/studio/7.0/toolchain/avr8/avr8-gnu-toolchain/bin/../lib/gcc/avr/5.4.0/avr5\libgcc.a(_udivmodsi4.o)
 .text.libgcc   0x00000000        0x0 c:/program files (x86)/atmel/studio/7.0/toolchain/avr8/avr8-gnu-toolchain/bin/../lib/gcc/avr/5.4.0/avr5\libgcc.a(_udivmodsi4.o)
 .text.libgcc.prologue
                0x00000000        0x0 c:/program files (x86)/atmel/studio/7.0/toolchain/avr8/avr8-gnu-toolchain/bin/../lib/gcc/avr/5.4.0/avr5\libgcc.a(_udivmodsi4.o)
 .text.libgcc.builtins
                0x00000000        0x0 c:/program files (x86)/atmel/studio/7.0/toolchain/avr8/avr8-gnu-toolchain/bin/../lib/gcc/avr/5.4.0/avr5\libgcc.a(_udivmodsi4.o)
 .text.libgcc.fmul
                0x00000000        0x0 c:/program files (x86)/atmel/studio/7.0/toolchain/avr8/avr8-gnu-toolchain/bin/../lib/gcc/avr/5.4.0/avr5\libgcc.a(_udivmodsi4.o)
 .text.libgcc.fixed
                0x00000000        0x0 c:/program files (x86)/atmel/studio/7.0/toolchain/avr8/avr8-gnu-toolchain/bin/../lib/gcc/avr/5.4.0/avr5\libgcc.a(_udivmodsi4.o)
 .text          0x00000000        0x0 c:/program files (x86)/atmel/studio/7.0/toolchain/avr8/avr8-gnu-toolchain/bin/../lib/gcc/avr/5.4.0/avr5\libgcc.a(_divmodsi4.o)
 .data          0x00000000        0x0 c:/program files (x86)/atmel/studio/7.0/toolchain/avr8/avr8-gnu-toolchain/bin/../lib/gcc/avr/5.4.0/avr5\libgcc.a(_divmodsi4.o)
 .bss           0x00000000        0x0 c:/program files (x86)/atmel/studio/7.0/toolchain/avr8/avr8-gnu-toolchain/bin/../lib/gcc/avr/5.4.0/avr5\libgcc.a(_divmodsi4.o)
 .text.libgcc.mul
                0x00000000        0x0 c:/program files (x86)/atmel/studio/7.0/toolchain/avr8/avr8-gnu-toolchain/bin/../lib/gcc/avr/5.4.0/avr5\libgcc.a(_divmodsi4.o)
 .text.libgcc   0x00000000        0x0 c:/program files (x86)/atmel/studio/7.0/toolchain/avr8/avr8-gnu-toolchain/bin/../lib/gcc/avr/5.4.0/avr5\libgcc.a(_divmodsi4.o)
 .text.libgcc.prologue
                0x00000000        0x0 c:/program files (x86)/atmel/studio/7.0/toolchain/avr8/avr8-gnu-toolchain/bin/../lib/gcc/avr/5.4.0/avr5\libgcc.a(_divmodsi4.o)
 .text.libgcc.builtins
                0x00000000        0x0 c:/program files (x86)/atmel/studio/7.0/toolchain/avr8/avr8-gnu-toolchain/bin/../lib/gcc/avr/5.4.0/avr5\libgcc.a(_divmodsi4.o)
 .text.libgcc.fmul
                0x00000000        0x0 c:/program files (x86)/atmel/studio/7.0/toolchain/avr8/avr8-gnu-toolchain/bin/../lib/gcc/avr/5.4.0/avr5\libgcc.a(_divmodsi4.o)
 .text.libgcc.fixed
                0x00000000        0x0 c:/program files (x86)/atmel/studio/7.0/toolchain/avr8/avr8-gnu-toolchain/bin/../lib/gcc/avr/5.4.0/avr5\libgcc.a(_divmodsi4.o)
 .text          0x00000000        0x0 c:/program files (x86)/atmel/studio/7.0/toolchain/avr8/avr8-gnu-toolchain/bin/../lib/gcc/avr/5.4.0/avr5\libgcc.a(_negsi2.o)
 .data          0x00000000        0x0 c:/program files (x86)/atmel/studio/7.0/toolchain/avr8/avr8-gnu-toolchain/bin/../lib/gcc/avr/5.4.0/avr5\libgcc.a(_negsi2.o)
 .bss           0x00000000        0x0 c:/program files (x86)/atmel/studio/7.0/toolchain/avr8/avr8-gnu-toolchain/bin/../lib/gcc/avr/5.4.0/avr5\libgcc.a(_negsi2.o)
 .text.libgcc.mul
                0x00000000        0x0 c:/program files (x86)/atmel/studio/7.0/toolchain/avr8/avr8-gnu-toolchain/bin/../lib/gcc/avr/5.4.0/avr5\libgcc.a(_negsi2.o)
 .text.libgcc   0x00000000        0x0 c:/program files (x86)/atmel/studio/7.0/toolchain/avr8/avr8-gnu-toolchain/bin/../lib/gcc/avr/5.4.0/avr5\libgcc.a(_negsi2.o)
 .text.libgcc.prologue
                0x00000000        0x0 c:/program files (x86)/atmel/studio/7.0/toolchain/avr8/avr8-gnu-toolchain/bin/../lib/gcc/avr/5.4.0/avr5\libgcc.a(_negsi2.o)
 .text.libgcc.builtins
                0x00000000        0x0 c:/program files (x86)/atmel/studio/7.0/toolchain/avr8/avr8-gnu-toolchain/bin/../lib/gcc/avr/5.4.0/avr5\libgcc.a(_negsi2.o)
 .text.libgcc.fmul
                0x00000000        0x0 c:/program files (x86)/atmel/studio/7.0/toolchain/avr8/avr8-gnu-toolchain/bin/../lib/gcc/avr/5.4.0/avr5\libgcc.a(_negsi2.o)
 .text.libgcc.fixed
                0x00000000        0x0 c:/program files (x86)/atmel/studio/7.0/toolchain/avr8/avr8-gnu-toolchain/bin/../lib/gcc/avr/5.4.0/avr5\libgcc.a(_negsi2.o)
 .text          0x00000000        0x0 c:/program files (x86)/atmel/studio/7.0/toolchain/avr8/avr8-gnu-toolchain/bin/../lib/gcc/avr/5.4.0/avr5\libgcc.a(_exit.o)
 .data          0x00000000        0x0 c:/program files (x86)/atmel/studio/7.0/toolchain/avr8/avr8-gnu-toolchain/bin/../lib/gcc/avr/5.4.0/avr5\libgcc.a(_exit.o)
 .bss           0x00000000        0x0 c:/program files (x86)/atmel/studio/7.0/toolchain/avr8/avr8-gnu-toolchain/bin/../lib/gcc/avr/5.4.0/avr5\libgcc.a(_exit.o)
 .text.libgcc.mul
                0x00000000        0x0 c:/program files (x86)/atmel/studio/7.0/toolchain/avr8/avr8-gnu-toolchain/bin/../lib/gcc/avr/5.4.0/avr5\libgcc.a(_exit.o)
 .text.libgcc.div
                0x00000000        0x0 c:/program files (x86)/atmel/studio/7.0/toolchain/avr8/avr8-gnu-toolchain/bin/../lib/gcc/avr/5.4.0/avr5\libgcc.a(_exit.o)
 .text.libgcc   0x00000000        0x0 c:/program files (x86)/atmel/studio/7.0/toolchain/avr8/avr8-gnu-toolchain/bin/../lib/gcc/avr/5.4.0/avr5\libgcc.a(_exit.o)
 .text.libgcc.prologue
                0x00000000        0x0 c:/program files (x86)/atmel/studio/7.0/toolchain/avr8/avr8-gnu-toolchain/bin/../lib/gcc/avr/5.4.0/avr5\libgcc.a(_exit.o)
 .text.libgcc.builtins
                0x00000000        0x0 c:/program files (x86)/atmel/studio/7.0/toolchain/avr8/avr8-gnu-toolchain/bin/../lib/gcc/avr/5.4.0/avr5\libgcc.a(_exit.o)
 .text.libgcc.fmul
                0x00000000        0x0 c:/program files (x86)/atmel/studio/7.0/toolchain/avr8/avr8-gnu-toolchain/bin/../lib/gcc/avr/5.4.0/avr5\libgcc.a(_exit.o)
 .text.libgcc.fixed
                0x00000000        0x0 c:/program files (x86)/atmel/studio/7.0/toolchain/avr8/avr8-gnu-toolchain/bin/../lib/gcc/avr/5.4.0/avr5\libgcc.a(_exit.o)
 .text          0x00000000        0x0 c:/program files (x86)/atmel/studio/7.0/toolchain/avr8/avr8-gnu-toolchain/bin/../lib/gcc/avr/5.4.0/avr5\libgcc.a(_copy_data.o)
 .data          0x00000000        0x0 c:/program files (x86)/atmel/studio/7.0/toolchain/avr8/avr8-gnu-toolchain/bin/../lib/gcc/avr/5.4.0/avr5\libgcc.a(_copy_data.o)
 .bss           0x00000000        0x0 c:/program files (x86)/atmel/studio/7.0/toolchain/avr8/avr8-gnu-toolchain/bin/../lib/gcc/avr/5.4.0/avr5\libgcc.a(_copy_data.o)
 .text.libgcc.mul
                0x00000000        0x0 c:/program files (x86)/atmel/studio/7.0/toolchain/avr8/avr8-gnu-toolchain/bin/../lib/gcc/avr/5.4.0/avr5\libgcc.a(_copy_data.o)
 .text.libgcc.div
                0x00000000        0x0 c:/program files (x86)/atmel/studio/7.0/toolchain/avr8/avr8-gnu-toolchain/bin/../lib/gcc/avr/5.4.0/avr5\libgcc.a(_copy_data.o)
 .text.libgcc   0x00000000        0x0 c:/program files (x86)/atmel/studio/7.0/toolchain/avr8/avr8-gnu-toolchain/bin/../lib/gcc/avr/5.4.0/avr5\libgcc.a(_copy_data.o)
 .text.libgcc.prologue
                0x00000000        0x0 c:/program files (x86)/atmel/studio/7.0/toolchain/avr8/avr8-gnu-toolchain/bin/../lib/gcc/avr/5.4.0/avr5\libgcc.a(_copy_data.o)
 .text.libgcc.builtins
                0x00000000        0x0 c:/program files (x86)/atmel/studio/7.0/toolchain/avr8/avr8-gnu-toolchain/bin/../lib/gcc/avr/5.4.0/avr5\libgcc.a(_copy_data.o)
 .text.libgcc.fmul
                0x00000000        0x0 c:/program files (x86)/atmel/studio/7.0/toolchain/avr8/avr8-gnu-toolchain/bin/../lib/gcc/avr/5.4.0/avr5\libgcc.a(_copy_data.o)
 .text.libgcc.fixed
                0x00000000        0x0 c:/program files (x86)/atmel/studio/7.0/toolchain/avr8/avr8-gnu-toolchain/bin/../lib/gcc/avr/5.4.0/avr5\libgcc.a(_copy_data.o)
 .text          0x00000000        0x0 c:/program files (x86)/atmel/studio/7.0/toolchain/avr8/avr8-gnu-toolchain/bin/../lib/gcc/avr/5.4.0/avr5\libgcc.a(_clear_bss.o)
 .data          0x00000000        0x0 c:/program files (x86)/atmel/studio/7.0/toolchain/avr8/avr8-gnu-toolchain/bin/../lib/gcc/avr/5.4.0/avr5\libgcc.a(_clear_bss.o)
 .bss           0x00000000        0x0 c:/program files (x86)/atmel/studio/7.0/toolchain/avr8/avr8-gnu-toolchain/bin/../lib/gcc/avr/5.4.0/avr5\libgcc.a(_clear_bss.o)
 .text.libgcc.mul
                0x00000000        0x0 c:/program files (x86)/atmel/studio/7.0/toolchain/avr8/avr8-gnu-toolchain/bin/../lib/gcc/avr/5.4.0/avr5\libgcc.a(_clear_bss.o)
 .text.libgcc.div
                0x00000000        0x0 c:/program files (x86)/atmel/studio/7.0/toolchain/avr8/avr8-gnu-toolchain/bin/../lib/gcc/avr/5.4.0/avr5\libgcc.a(_clear_bss.o)
 .text.libgcc   0x00000000        0x0 c:/program files (x86)/atmel/studio/7.0/toolchain/avr8/avr8-gnu-toolchain/bin/../lib/gcc/avr/5.4.0/avr5\libgcc.a(_clear_bss.o)
 .text.libgcc.prologue
                0x00000000        0x0 c:/program files (x86)/atmel/studio/7.0/toolchain/avr8/avr8-gnu-toolchain/bin/../lib/gcc/avr/5.4.0/avr5\libgcc.a(_clear_bss.o)
 .text.libgcc.builtins
                0x00000000        0x0 c:/program files (x86)/atmel/studio/7.0/toolchain/avr8/avr8-gnu-toolchain/bin/../lib/gcc/avr/5.4.0/avr5\libgcc.a(_clear_bss.o)
 .text.libgcc.fmul
                0x00000000        0x0 c:/program files (x86)/atmel/studio/7.0/toolchain/avr8/avr8-gnu-toolchain/bin/../lib/gcc/avr/5.4.0/avr5\libgcc.a(_clear_bss.o)
 .text.libgcc.fixed
                0x00000000        0x0 c:/program files (x86)/atmel/studio/7.0/toolchain/avr8/avr8-gnu-toolchain/bin/../lib/gcc/avr/5.4.0/avr5\libgcc.a(_clear_bss.o)
 .text          0x00000000        0x0 c:/program files (x86)/atmel/studio/7.0/toolchain/avr8/avr8-gnu-toolchain/bin/../lib/gcc/avr/5.4.0/avr5\libgcc.a(_umulhisi3.o)
 .data          0x00000000        0x0 c:/program files (x86)/atmel/studio/7.0/toolchain/avr8/avr8-gnu-toolchain/bin/../lib/gcc/avr/5.4.0/avr5\libgcc.a(_umulhisi3.o)
 .bss           0x00000000        0x0 c:/program files (x86)/atmel/studio/7.0/toolchain/avr8/avr8-gnu-toolchain/bin/../lib/gcc/avr/5.4.0/avr5\libgcc.a(_umulhisi3.o)
 .text.libgcc.div
                0x00000000        0x0 c:/program files (x86)/atmel/studio/7.0/toolchain/avr8/avr8-gnu-toolchain/bin/../lib/gcc/avr/5.4.0/avr5\libgcc.a(_umulhisi3.o)
 .text.libgcc   0x00000000        0x0 c:/program files (x86)/atmel/studio/7.0/toolchain/avr8/avr8-gnu-toolchain/bin/../lib/gcc/avr/5.4.0/avr5\libgcc.a(_umulhisi3.o)
 .text.libgcc.prologue
                0x00000000        0x0 c:/program files (x86)/atmel/studio/7.0/toolchain/avr8/avr8-gnu-toolchain/bin/../lib/gcc/avr/5.4.0/avr5\libgcc.a(_umulhisi3.o)
 .text.libgcc.builtins
                0x00000000        0x0 c:/program files (x86)/atmel/studio/7.0/toolchain/avr8/avr8-gnu-toolchain/bin/../lib/gcc/avr/5.4.0/avr5\libgcc.a(_umulhisi3.o)
 .text.libgcc.fmul
                0x00000000        0x0 c:/program files (x86)/atmel/studio/7.0/toolchain/avr8/avr8-gnu-toolchain/bin/../lib/gcc/avr/5.4.0/avr5\libgcc.a(_umulhisi3.o)
 .text.libgcc.fixed
                0x00000000        0x0 c:/program files (x86)/atmel/studio/7.0/toolchain/avr8/avr8-gnu-toolchain/bin/../lib/gcc/avr/5.4.0/avr5\libgcc.a(_umulhisi3.o)
 .text          0x00000000        0x0 c:/program files (x86)/atmel/studio/7.0/toolchain/avr8/avr8-gnu-toolchain/bin/../lib/gcc/avr/5.4.0/avr5\libgcc.a(_muluhisi3.o)
 .data          0x00000000        0x0 c:/program files (x86)/atmel/studio/7.0/toolchain/avr8/avr8-gnu-toolchain/bin/../lib/gcc/avr/5.4.0/avr5\libgcc.a(_muluhisi3.o)
 .bss           0x00000000        0x0 c:/program files (x86)/atmel/studio/7.0/toolchain/avr8/avr8-gnu-toolchain/bin/../lib/gcc/avr/5.4.0/avr5\libgcc.a(_muluhisi3.o)
 .text.libgcc.mul
                0x00000000       0x16 c:/program files (x86)/atmel/studio/7.0/toolchain/avr8/avr8-gnu-toolchain/bin/../lib/gcc/avr/5.4.0/avr5\libgcc.a(_muluhisi3.o)
 .text.libgcc.div
                0x00000000        0x0 c:/program files (x86)/atmel/studio/7.0/toolchain/avr8/avr8-gnu-toolchain/bin/../lib/gcc/avr/5.4.0/avr5\libgcc.a(_muluhisi3.o)
 .text.libgcc   0x00000000        0x0 c:/program files (x86)/atmel/studio/7.0/toolchain/avr8/avr8-gnu-toolchain/bin/../lib/gcc/avr/5.4.0/avr5\libgcc.a(_muluhisi3.o)
 .text.libgcc.prologue
                0x00000000        0x0 c:/program files (x86)/atmel/studio/7.0/toolchain/avr8/avr8-gnu-toolchain/bin/../lib/gcc/avr/5.4.0/avr5\libgcc.a(_muluhisi3.o)
 .text.libgcc.builtins
                0x00000000        0x0 c:/program files (x86)/atmel/studio/7.0/toolchain/avr8/avr8-gnu-toolchain/bin/../lib/gcc/avr/5.4.0/avr5\libgcc.a(_muluhisi3.o)
 .text.libgcc.fmul
                0x00000000        0x0 c:/program files (x86)/atmel/studio/7.0/toolchain/avr8/avr8-gnu-toolchain/bin/../lib/gcc/avr/5.4.0/avr5\libgcc.a(_muluhisi3.o)
 .text.libgcc.fixed
                0x00000000        0x0 c:/program files (x86)/atmel/studio/7.0/toolchain/avr8/avr8-gnu-toolchain/bin/../lib/gcc/avr/5.4.0/avr5\libgcc.a(_muluhisi3.o)

Memory Configuration

Name             Origin             Length             Attributes
text             0x00000000         0x00008000         xr
data             0x00800060         0x00000800         rw !x
eeprom           0x00810000         0x00000400         rw !x
fuse             0x00820000         0x00000002         rw !x
lock             0x00830000         0x00000400         rw !x
signature        0x00840000         0x00000400         rw !x
user_signatures  0x00850000         0x00000400         rw !x
*default*        0x00000000         0xffffffff

Linker script and memory map

LOAD C:/Program Files (x86)/Atmel/Studio/7.0/Packs/atmel/ATmega_DFP/1.7.374/gcc/dev/atmega32/avr5/crtatmega32.o
LOAD APP/Calculator_Prg.o
LOAD APP/CAR_MOVE_Prg.o
LOAD APP/Fire_System_Prg.o
LOAD APP/LCD_Game_Prg.o
LOAD APP/Number_Converter_Prg.o
LOAD APP/StepperAPP_Prg.o
LOAD APP/STOP_WATCH_Prg.o
LOAD APP/TEMP_Filter_Prg.o
LOAD CONFIG/DIO_Cfg.o
LOAD HAL/BUTTON_Prg.o
LOAD HAL/KeyPad_Prg.o
LOAD HAL/LCD_Prg.o
LOAD HAL/LED_Prg.o
LOAD HAL/MOTOR_Prg.o
LOAD HAL/SENSORS_Prg.o
LOAD HAL/SEVEN_SEG_Prg.o
LOAD HAL/Stepper_Prg.o
LOAD main.o
LOAD MCAL/ADC_Prg.o
LOAD MCAL/DIO_Prg.o
LOAD MCAL/EEPROM_Prg.o
START GROUP
LOAD c:/program files (x86)/atmel/studio/7.0/toolchain/avr8/avr8-gnu-toolchain/bin/../lib/gcc/avr/5.4.0/../../../../avr/lib/avr5\libm.a
END GROUP
START GROUP
LOAD c:/program files (x86)/atmel/studio/7.0/toolchain/avr8/avr8-gnu-toolchain/bin/../lib/gcc/avr/5.4.0/avr5\libgcc.a
LOAD c:/program files (x86)/atmel/studio/7.0/toolchain/avr8/avr8-gnu-toolchain/bin/../lib/gcc/avr/5.4.0/../../../../avr/lib/avr5\libm.a
LOAD c:/program files (x86)/atmel/studio/7.0/toolchain/avr8/avr8-gnu-toolchain/bin/../lib/gcc/avr/5.4.0/../../../../avr/lib/avr5\libc.a
LOAD C:/Program Files (x86)/Atmel/Studio/7.0/Packs/atmel/ATmega_DFP/1.7.374/gcc/dev/atmega32/avr5\libatmega32.a
END GROUP
                0x00000000                __TEXT_REGION_ORIGIN__ = DEFINED (__TEXT_REGION_ORIGIN__)?__TEXT_REGION_ORIGIN__:0x0
                [0x00800060]                __DATA_REGION_ORIGIN__ = DEFINED (__DATA_REGION_ORIGIN__)?__DATA_REGION_ORIGIN__:0x800060
                [0x00008000]                __TEXT_REGION_LENGTH__ = DEFINED (__TEXT_REGION_LENGTH__)?__TEXT_REGION_LENGTH__:0x20000
                [0x00000800]                __DATA_REGION_LENGTH__ = DEFINED (__DATA_REGION_LENGTH__)?__DATA_REGION_LENGTH__:0xffa0
                [0x00000400]                __EEPROM_REGION_LENGTH__ = DEFINED (__EEPROM_REGION_LENGTH__)?__EEPROM_REGION_LENGTH__:0x10000
                [0x00000002]                __FUSE_REGION_LENGTH__ = DEFINED (__FUSE_REGION_LENGTH__)?__FUSE_REGION_LENGTH__:0x400
                0x00000400                __LOCK_REGION_LENGTH__ = DEFINED (__LOCK_REGION_LENGTH__)?__LOCK_REGION_LENGTH__:0x400
                0x00000400                __SIGNATURE_REGION_LENGTH__ = DEFINED (__SIGNATURE_REGION_LENGTH__)?__SIGNATURE_REGION_LENGTH__:0x400
                0x00000400                __USER_SIGNATURE_REGION_LENGTH__ = DEFINED (__USER_SIGNATURE_REGION_LENGTH__)?__USER_SIGNATURE_REGION_LENGTH__:0x400

.hash
 *(.hash)

.dynsym
 *(.dynsym)

.dynstr
 *(.dynstr)

.gnu.version
 *(.gnu.version)

.gnu.version_d
 *(.gnu.version_d)

.gnu.version_r
 *(.gnu.version_r)

.rel.init
 *(.rel.init)

.rela.init
 *(.rela.init)

.rel.text
 *(.rel.text)
 *(.rel.text.*)
 *(.rel.gnu.linkonce.t*)

.rela.text
 *(.rela.text)
 *(.rela.text.*)
 *(.rela.gnu.linkonce.t*)

.rel.fini
 *(.rel.fini)

.rela.fini
 *(.rela.fini)

.rel.rodata
 *(.rel.rodata)
 *(.rel.rodata.*)
 *(.rel.gnu.linkonce.r*)

.rela.rodata
 *(.rela.rodata)
 *(.rela.rodata.*)
 *(.rela.gnu.linkonce.r*)

.rel.data
 *(.rel.data)
 *(.rel.data.*)
 *(.rel.gnu.linkonce.d*)

.rela.data
 *(.rela.data)
 *(.rela.data.*)
 *(.rela.gnu.linkonce.d*)

.rel.ctors
 *(.rel.ctors)

.rela.ctors
 *(.rela.ctors)

.rel.dtors
 *(.rel.dtors)

.rela.dtors
 *(.rela.dtors)

.rel.got
 *(.rel.got)

.rela.got
 *(.rela.got)

.rel.bss
 *(.rel.bss)

.rela.bss
 *(.rela.bss)

.rel.plt
 *(.rel.plt)

.rela.plt
 *(.rela.plt)

.text           0x00000000     0x128c
 *(.vectors)
 .vectors       0x00000000       0x54 C:/Program Files (x86)/Atmel/Studio/7.0/Packs/atmel/ATmega_DFP/1.7.374/gcc/dev/atmega32/avr5/crtatmega32.o
                0x00000000                __vector_default
                0x00000000                __vectors
 *(.vectors)
 *(.progmem.gcc*)
                0x00000054                . = ALIGN (0x2)
                0x00000054                __trampolines_start = .
 *(.trampolines)
 .trampolines   0x00000054        0x0 linker stubs
 *(.trampolines*)
                0x00000054                __trampolines_end = .
 *libprintf_flt.a:*(.progmem.data)
 *libc.a:*(.progmem.data)
 *(.progmem*)
                0x00000054                . = ALIGN (0x2)
 *(.jumptables)
 *(.jumptables*)
 *(.lowtext)
 *(.lowtext*)
                0x00000054                __ctors_start = .
 *(.ctors)
                0x00000054                __ctors_end = .
                0x00000054                __dtors_start = .
 *(.dtors)
                0x00000054                __dtors_end = .
 SORT(*)(.ctors)
 SORT(*)(.dtors)
 *(.init0)
 .init0         0x00000054        0x0 C:/Program Files (x86)/Atmel/Studio/7.0/Packs/atmel/ATmega_DFP/1.7.374/gcc/dev/atmega32/avr5/crtatmega32.o
                0x00000054                __init
 *(.init0)
 *(.init1)
 *(.init1)
 *(.init2)
 .init2         0x00000054        0xc C:/Program Files (x86)/Atmel/Studio/7.0/Packs/atmel/ATmega_DFP/1.7.374/gcc/dev/atmega32/avr5/crtatmega32.o
 *(.init2)
 *(.init3)
 *(.init3)
 *(.init4)
 .init4         0x00000060       0x16 c:/program files (x86)/atmel/studio/7.0/toolchain/avr8/avr8-gnu-toolchain/bin/../lib/gcc/avr/5.4.0/avr5\libgcc.a(_copy_data.o)
                0x00000060                __do_copy_data
 .init4         0x00000076       0x10 c:/program files (x86)/atmel/studio/7.0/toolchain/avr8/avr8-gnu-toolchain/bin/../lib/gcc/avr/5.4.0/avr5\libgcc.a(_clear_bss.o)
                0x00000076                __do_clear_bss
 *(.init4)
 *(.init5)
 *(.init5)
 *(.init6)
 *(.init6)
 *(.init7)
 *(.init7)
 *(.init8)
 *(.init8)
 *(.init9)
 .init9         0x00000086        0x8 C:/Program Files (x86)/Atmel/Studio/7.0/Packs/atmel/ATmega_DFP/1.7.374/gcc/dev/atmega32/avr5/crtatmega32.o
 *(.init9)
 *(.text)
 .text          0x0000008e        0x4 C:/Program Files (x86)/Atmel/Studio/7.0/Packs/atmel/ATmega_DFP/1.7.374/gcc/dev/atmega32/avr5/crtatmega32.o
                0x0000008e                __vector_1
                0x0000008e                __vector_12
                0x0000008e                __bad_interrupt
                0x0000008e                __vector_6
                0x0000008e                __vector_3
                0x0000008e                __vector_11
                0x0000008e                __vector_13
                0x0000008e                __vector_17
                0x0000008e                __vector_19
                0x0000008e                __vector_7
                0x0000008e                __vector_5
                0x0000008e                __vector_4
                0x0000008e                __vector_9
                0x0000008e                __vector_2
                0x0000008e                __vector_15
                0x0000008e                __vector_8
                0x0000008e                __vector_14
                0x0000008e                __vector_10
                0x0000008e                __vector_18
                0x00000092                . = ALIGN (0x2)
 *(.text.*)
 .text.ADC_Fun  0x00000092       0x62 APP/Fire_System_Prg.o
 .text.old_Pass_Fill.constprop.3
                0x000000f4       0xa0 APP/Fire_System_Prg.o
 .text.Pass_Compare.constprop.4
                0x00000194       0x20 APP/Fire_System_Prg.o
 .text.Fire_System_Init
                0x000001b4       0xaa APP/Fire_System_Prg.o
                0x000001b4                Fire_System_Init
 .text.Fire_System_Runnable
                0x0000025e      0x69e APP/Fire_System_Prg.o
                0x0000025e                Fire_System_Runnable
 .text.KeyPad_Init
                0x000008fc       0x20 HAL/KeyPad_Prg.o
                0x000008fc                KeyPad_Init
 .text.KeyPad_Get_Key
                0x0000091c       0xb0 HAL/KeyPad_Prg.o
                0x0000091c                KeyPad_Get_Key
 .text.Write_Instruction
                0x000009cc       0xe0 HAL/LCD_Prg.o
 .text.Write_Data
                0x00000aac       0xe0 HAL/LCD_Prg.o
 .text.LCD_Init
                0x00000b8c       0x54 HAL/LCD_Prg.o
                0x00000b8c                LCD_Init
 .text.LCD_Write_Character
                0x00000be0        0x4 HAL/LCD_Prg.o
                0x00000be0                LCD_Write_Character
 .text.LCD_Write_String
                0x00000be4       0x26 HAL/LCD_Prg.o
                0x00000be4                LCD_Write_String
 .text.LCD_Write_Number
                0x00000c0a       0xde HAL/LCD_Prg.o
                0x00000c0a                LCD_Write_Number
 .text.LCD_Set_Cursor
                0x00000ce8       0x1c HAL/LCD_Prg.o
                0x00000ce8                LCD_Set_Cursor
 .text.LCD_Clear_Screen
                0x00000d04        0x6 HAL/LCD_Prg.o
                0x00000d04                LCD_Clear_Screen
 .text.LCD_Write_String_Cursor
                0x00000d0a       0x14 HAL/LCD_Prg.o
                0x00000d0a                LCD_Write_String_Cursor
 .text.LCD_Clear_Cursor
                0x00000d1e       0x32 HAL/LCD_Prg.o
                0x00000d1e                LCD_Clear_Cursor
 .text.LM35_Read_Temp_No_Block
                0x00000d50        0x4 HAL/SENSORS_Prg.o
                0x00000d50                LM35_Read_Temp_No_Block
 .text.MPX_Read_Pressure_No_Block
                0x00000d54       0x26 HAL/SENSORS_Prg.o
                0x00000d54                MPX_Read_Pressure_No_Block
 .text.startup.main
                0x00000d7a       0x20 main.o
                0x00000d7a                main
 .text.ADC_Init
                0x00000d9a       0x2a MCAL/ADC_Prg.o
                0x00000d9a                ADC_Init
 .text.ADC_Start_Conversion
                0x00000dc4       0x12 MCAL/ADC_Prg.o
                0x00000dc4                ADC_Start_Conversion
 .text.ADC_Get_Read_No_Block
                0x00000dd6        0x6 MCAL/ADC_Prg.o
                0x00000dd6                ADC_Get_Read_No_Block
 .text.ADC_Read_Volt_No_Block
                0x00000ddc       0x20 MCAL/ADC_Prg.o
                0x00000ddc                ADC_Read_Volt_No_Block
 .text.ADC_Set_Call_Back
                0x00000dfc        0xa MCAL/ADC_Prg.o
                0x00000dfc                ADC_Set_Call_Back
 .text.__vector_16
                0x00000e06       0x52 MCAL/ADC_Prg.o
                0x00000e06                __vector_16
 .text.DIO_Init
                0x00000e58      0x1bc MCAL/DIO_Prg.o
                0x00000e58                DIO_Init
 .text.DIO_WritePin
                0x00001014       0xfe MCAL/DIO_Prg.o
                0x00001014                DIO_WritePin
 .text.DIO_ReadPin
                0x00001112       0x3a MCAL/DIO_Prg.o
                0x00001112                DIO_ReadPin
 .text.EEPROM_Write_Data
                0x0000114c       0x12 MCAL/EEPROM_Prg.o
                0x0000114c                EEPROM_Write_Data
 .text.EEPROM_Read_Data
                0x0000115e       0x10 MCAL/EEPROM_Prg.o
                0x0000115e                EEPROM_Read_Data
 .text.__vector_20
                0x0000116e       0x52 MCAL/EEPROM_Prg.o
                0x0000116e                __vector_20
 .text.libgcc.div
                0x000011c0       0x28 c:/program files (x86)/atmel/studio/7.0/toolchain/avr8/avr8-gnu-toolchain/bin/../lib/gcc/avr/5.4.0/avr5\libgcc.a(_udivmodhi4.o)
                0x000011c0                __udivmodhi4
 .text.libgcc.div
                0x000011e8       0x44 c:/program files (x86)/atmel/studio/7.0/toolchain/avr8/avr8-gnu-toolchain/bin/../lib/gcc/avr/5.4.0/avr5\libgcc.a(_udivmodsi4.o)
                0x000011e8                __udivmodsi4
 .text.libgcc.div
                0x0000122c       0x2e c:/program files (x86)/atmel/studio/7.0/toolchain/avr8/avr8-gnu-toolchain/bin/../lib/gcc/avr/5.4.0/avr5\libgcc.a(_divmodsi4.o)
                0x0000122c                __divmodsi4
 .text.libgcc.div
                0x0000125a       0x10 c:/program files (x86)/atmel/studio/7.0/toolchain/avr8/avr8-gnu-toolchain/bin/../lib/gcc/avr/5.4.0/avr5\libgcc.a(_negsi2.o)
                0x0000125a                __negsi2
 .text.libgcc.mul
                0x0000126a       0x1e c:/program files (x86)/atmel/studio/7.0/toolchain/avr8/avr8-gnu-toolchain/bin/../lib/gcc/avr/5.4.0/avr5\libgcc.a(_umulhisi3.o)
                0x0000126a                __umulhisi3
                0x00001288                . = ALIGN (0x2)
 *(.fini9)
 .fini9         0x00001288        0x0 c:/program files (x86)/atmel/studio/7.0/toolchain/avr8/avr8-gnu-toolchain/bin/../lib/gcc/avr/5.4.0/avr5\libgcc.a(_exit.o)
                0x00001288                _exit
                0x00001288                exit
 *(.fini9)
 *(.fini8)
 *(.fini8)
 *(.fini7)
 *(.fini7)
 *(.fini6)
 *(.fini6)
 *(.fini5)
 *(.fini5)
 *(.fini4)
 *(.fini4)
 *(.fini3)
 *(.fini3)
 *(.fini2)
 *(.fini2)
 *(.fini1)
 *(.fini1)
 *(.fini0)
 .fini0         0x00001288        0x4 c:/program files (x86)/atmel/studio/7.0/toolchain/avr8/avr8-gnu-toolchain/bin/../lib/gcc/avr/5.4.0/avr5\libgcc.a(_exit.o)
 *(.fini0)
                0x0000128c                _etext = .

.data           0x00800060       0xda load address 0x0000128c
                0x00800060                PROVIDE (__data_start, .)
 *(.data)
 *(.data*)
 .data.pass_state.2072
                0x00800060        0x1 APP/Fire_System_Prg.o
 *(.gnu.linkonce.d*)
 *(.rodata)
 *(.rodata*)
 .rodata.str1.1
                0x00800061       0x9a APP/Fire_System_Prg.o
 .rodata.pin_arr
                0x008000fb       0x20 CONFIG/DIO_Cfg.o
                0x008000fb                pin_arr
 .rodata.key_cofig
                0x0080011b        0x8 HAL/KeyPad_Prg.o
 .rodata.KeyPad_arr
                0x00800123       0x10 HAL/KeyPad_Prg.o
 .rodata.LCD_Pin_control
                0x00800133        0x6 HAL/LCD_Prg.o
 *(.gnu.linkonce.r*)
                0x0080013a                . = ALIGN (0x2)
 *fill*         0x00800139        0x1 
                0x0080013a                _edata = .
                0x0080013a                PROVIDE (__data_end, .)

.bss            0x0080013a       0x1e
                0x0080013a                PROVIDE (__bss_start, .)
 *(.bss)
 *(.bss*)
 .bss.clr_flag.2048
                0x0080013a        0x1 APP/Fire_System_Prg.o
 .bss.temp_flag.2046
                0x0080013b        0x1 APP/Fire_System_Prg.o
 .bss.init_flag.2047
                0x0080013c        0x1 APP/Fire_System_Prg.o
 .bss.read_flag.2035
                0x0080013d        0x1 APP/Fire_System_Prg.o
 .bss.reset_flag
                0x0080013e        0x1 APP/Fire_System_Prg.o
 .bss.old_flag  0x0080013f        0x1 APP/Fire_System_Prg.o
 .bss.fire_flag
                0x00800140        0x1 APP/Fire_System_Prg.o
 .bss.state     0x00800141        0x1 APP/Fire_System_Prg.o
 .bss.smoke_val
                0x00800142        0x2 APP/Fire_System_Prg.o
 .bss.First_address
                0x00800144        0x2 APP/Fire_System_Prg.o
 .bss.pass_buffer
                0x00800146        0x5 APP/Fire_System_Prg.o
 .bss.smoke_per
                0x0080014b        0x2 APP/Fire_System_Prg.o
 .bss.temp      0x0080014d        0x2 APP/Fire_System_Prg.o
 .bss.password  0x0080014f        0x5 APP/Fire_System_Prg.o
 .bss.ADC_PF    0x00800154        0x2 MCAL/ADC_Prg.o
 .bss.EEPROM_Func
                0x00800156        0x2 MCAL/EEPROM_Prg.o
 *(COMMON)
                0x00800158                PROVIDE (__bss_end, .)
                0x0000128c                __data_load_start = LOADADDR (.data)
                0x00001366                __data_load_end = (__data_load_start + SIZEOF (.data))

.noinit         0x00800158        0x0
                [!provide]                PROVIDE (__noinit_start, .)
 *(.noinit*)
                [!provide]                PROVIDE (__noinit_end, .)
                0x00800158                _end = .
                [!provide]                PROVIDE (__heap_start, .)

.eeprom         0x00810000        0x0
 *(.eeprom*)
                0x00810000                __eeprom_end = .

.fuse
 *(.fuse)
 *(.lfuse)
 *(.hfuse)
 *(.efuse)

.lock
 *(.lock*)

.signature
 *(.signature*)

.user_signatures
 *(.user_signatures*)

.stab
 *(.stab)

.stabstr
 *(.stabstr)

.stab.excl
 *(.stab.excl)

.stab.exclstr
 *(.stab.exclstr)

.stab.index
 *(.stab.index)

.stab.indexstr
 *(.stab.indexstr)

.comment        0x00000000       0x30
 *(.comment)
 .comment       0x00000000       0x30 APP/Fire_System_Prg.o
                                 0x31 (size before relaxing)
 .comment       0x00000030       0x31 CONFIG/DIO_Cfg.o
 .comment       0x00000030       0x31 HAL/KeyPad_Prg.o
 .comment       0x00000030       0x31 HAL/LCD_Prg.o
 .comment       0x00000030       0x31 HAL/SENSORS_Prg.o
 .comment       0x00000030       0x31 main.o
 .comment       0x00000030       0x31 MCAL/ADC_Prg.o
 .comment       0x00000030       0x31 MCAL/DIO_Prg.o
 .comment       0x00000030       0x31 MCAL/EEPROM_Prg.o

.note.gnu.avr.deviceinfo
                0x00000000       0x3c
 .note.gnu.avr.deviceinfo
                0x00000000       0x3c C:/Program Files (x86)/Atmel/Studio/7.0/Packs/atmel/ATmega_DFP/1.7.374/gcc/dev/atmega32/avr5/crtatmega32.o

.note.gnu.build-id
 *(.note.gnu.build-id)

.debug
 *(.debug)

.line
 *(.line)

.debug_srcinfo
 *(.debug_srcinfo)

.debug_sfnames
 *(.debug_sfnames)

.debug_aranges
 *(.debug_aranges)

.debug_pubnames
 *(.debug_pubnames)

.debug_info     0x00000000      0x4e6
 *(.debug_info .gnu.linkonce.wi.*)
 .debug_info    0x00000000      0x4e6 C:/Program Files (x86)/Atmel/Studio/7.0/Packs/atmel/ATmega_DFP/1.7.374/gcc/dev/atmega32/avr5/crtatmega32.o

.debug_abbrev   0x00000000      0x4a3
 *(.debug_abbrev)
 .debug_abbrev  0x00000000      0x4a3 C:/Program Files (x86)/Atmel/Studio/7.0/Packs/atmel/ATmega_DFP/1.7.374/gcc/dev/atmega32/avr5/crtatmega32.o

.debug_line     0x00000000      0x116
 *(.debug_line .debug_line.* .debug_line_end)
 .debug_line    0x00000000      0x116 C:/Program Files (x86)/Atmel/Studio/7.0/Packs/atmel/ATmega_DFP/1.7.374/gcc/dev/atmega32/avr5/crtatmega32.o

.debug_frame
 *(.debug_frame)

.debug_str      0x00000000      0x196
 *(.debug_str)
 .debug_str     0x00000000      0x196 C:/Program Files (x86)/Atmel/Studio/7.0/Packs/atmel/ATmega_DFP/1.7.374/gcc/dev/atmega32/avr5/crtatmega32.o

.debug_loc
 *(.debug_loc)

.debug_macinfo
 *(.debug_macinfo)

.debug_weaknames
 *(.debug_weaknames)

.debug_funcnames
 *(.debug_funcnames)

.debug_typenames
 *(.debug_typenames)

.debug_varnames
 *(.debug_varnames)

.debug_pubtypes
 *(.debug_pubtypes)

.debug_ranges
 *(.debug_ranges)

.debug_macro
 *(.debug_macro)
OUTPUT(Online15_Project.elf elf32-avr)
LOAD linker stubs
